<?xml version="1.0" encoding="UTF-8" standalone="yes"?>
<TokenExchangeResponse xmlns="http://schemas.nav.gov.hu/OSA/2.0/api" xmlns:ns2="http://schemas.nav.gov.hu/OSA/2.0/data">
    <header>
        <requestId>202010022015</requestId>
        <timestamp>2020-10-02T18:15:00.000Z</timestamp>
        <requestVersion>2.0</requestVersion>
        <headerVersion>1.0</headerVersion>
    </header>
    <result>
        <funcCode>OK</funcCode>
    </result>
    <software>
        <softwareId>HUU10000000TESTNUM</softwareId>
        <softwareName>SuperSoftware</softwareName>
        <softwareOperation>LOCAL_SOFTWARE</softwareOperation>
        <softwareMainVersion>1.0</softwareMainVersion>
        <softwareDevName>John Doe</softwareDevName>
        <softwareDevContact>info@johndoe.com</softwareDevContact>
        <softwareDevCountryCode>HU</softwareDevCountryCode>
        <softwareDevTaxNumber>12345678</softwareDevTaxNumber>
    </software>
    <encodedExchangeToken>AAMZHPDEz4qtFCV8Y80ivRdklRddREXuCUuMY0m+xXoITT6f+8YjDBF36Zo/apmh0BiW3a0U8zkoCRoJRxEUgw==
    </encodedExchangeToken>
    <tokenValidityFrom>2020-10-02T20:39:18.540+02:00</tokenValidityFrom>
    <tokenValidityTo>2020-10-02T20:44:18.540+02:00</tokenValidityTo>
</TokenExchangeResponse>